<?php

namespace Modules\Blog\App\Console;

use Illuminate\Console\Command;
use Symfony\Component\Console\Input\InputOption;
use Symfony\Component\Console\Input\InputArgument;

class MyAwesomeCommand extends Command
{
    /**
     * The name and signature of the console command.
     */
    protected $signature = 'my:awesome';

    /**
     * The console command description.
     */
    protected $description = 'Command description.';

    /**
     * Create a new command instance.
     */
    public function __construct()
    {
        parent::__construct();
    }

    /**
     * Execute the console command.
     */
    public function handle()
    {
        //
    }

    /**
     * Get the console command arguments.
     */
    protected function getArguments(): array
    {
        return [
            ['example', InputArgument::REQUIRED, 'An example argument.'],
        ];
    }

    /**
     * Get the console command options.
     */
    protected function getOptions(): array
    {
        return [
            ['example', null, InputOption::VALUE_OPTIONAL, 'An example option.', null],
        ];
    }
}
