<?php

namespace Modules\Blog\App\Http\Controllers;

use Illuminate\Routing\Controller;

class MyController extends Controller
{
}
