<?php

namespace Modules\Blog\App\Events;

use Illuminate\Broadcasting\Channel;
use Illuminate\Broadcasting\InteractsWithSockets;
use Illuminate\Broadcasting\PresenceChannel;
use Illuminate\Broadcasting\PrivateChannel;
use Illuminate\Contracts\Broadcasting\ShouldBroadcast;
use Illuminate\Foundation\Events\Dispatchable;
use Illuminate\Queue\SerializesModels;

class PostWasCreated
{
    use Dispatchable, InteractsWithSockets, SerializesModels;

    /**
     * Create a new event instance.
     */
    public function __construct()
    {
        //
    }

    /**
     * Get the channels the event should be broadcast on.
     */
    public function broadcastOn(): array
    {
        return [
            new PrivateChannel('channel-name'),
        ];
    }
}
