<?php

namespace Modules\Blog\App\Jobs;

use Illuminate\Bus\Queueable;
use Illuminate\Foundation\Bus\Dispatchable;

class SomeJob implements ShouldQueue
{
    use Dispatchable, Queueable;

    /**
     * Create a new job instance.
     */
    public function __construct()
    {
        //
    }

    /**
     * Execute the job.
     */
    public function handle(): void
    {
        //
    }
}
