<?php

namespace Modules\Blog\App\Listeners;

use Modules\Blog\app\Events\UserWasCreated;
use Illuminate\Queue\InteractsWithQueue;
use Illuminate\Contracts\Queue\ShouldQueue;

class NotifyUsersOfANewPost implements ShouldQueue
{
    use InteractsWithQueue;

    /**
     * Create the event listener.
     */
    public function __construct()
    {
        //
    }

    /**
     * Handle the event.
     */
    public function handle(UserWasCreated $event): void
    {
        //
    }
}
