<?php

namespace Modules\Blog\App\Listeners;

use Illuminate\Queue\InteractsWithQueue;
use Illuminate\Contracts\Queue\ShouldQueue;

class NotifyUsersOfANewPost
{
    /**
     * Create the event listener.
     */
    public function __construct()
    {
        //
    }

    /**
     * Handle the event.
     */
    public function handle($event): void
    {
        //
    }
}
