<?php

namespace Modules\Blog\App\Listeners;

use Modules\Blog\app\Events\User\WasCreated;
use Illuminate\Queue\InteractsWithQueue;
use Illuminate\Contracts\Queue\ShouldQueue;

class NotifyUsersOfANewPost
{
    /**
     * Create the event listener.
     */
    public function __construct()
    {
        //
    }

    /**
     * Handle the event.
     */
    public function handle(WasCreated $event): void
    {
        //
    }
}
