<?php

namespace Modules\Blog\App\Http\Middleware;

use Closure;
use Illuminate\Http\Request;

class SomeMiddleware
{
    /**
     * Handle an incoming request.
     */
    public function handle(Request $request, Closure $next)
    {
        return $next($request);
    }
}
