<?php

namespace Modules\Blog\Models;

use Illuminate\Database\Eloquent\Model;
use Illuminate\Database\Eloquent\Factories\HasFactory;
use Modules\Blog\Database\Factories\PostFactory;

class Post extends Model
{
    use HasFactory;

    /**
     * The attributes that are mass assignable.
     */
    protected $fillable = ["title","slug"];

    protected static function newFactory(): PostFactory
    {
        //return PostFactory::new();
    }
}
