<?php

namespace Modules\Blog\App\Http\Controllers;

use App\Http\Controllers\Controller;
use Illuminate\Http\Request;

class BlogController extends Controller
{
    /**
     * Display a listing of the resource.
     */
    public function index()
    {
        //

        return response()->json([]);
    }

    /**
     * Store a newly created resource in storage.
     */
    public function store(Request $request)
    {
        //

        return response()->json([]);
    }

    /**
     * Show the specified resource.
     */
    public function show($id)
    {
        //

        return response()->json([]);
    }

    /**
     * Update the specified resource in storage.
     */
    public function update(Request $request, $id)
    {
        //

        return response()->json([]);
    }

    /**
     * Remove the specified resource from storage.
     */
    public function destroy($id)
    {
        //

        return response()->json([]);
    }
}
