<?php

namespace Modules\Blog\App\Notifications;

use Illuminate\Bus\Queueable;
use Illuminate\Notifications\Notification;
use Illuminate\Contracts\Queue\ShouldQueue;
use Illuminate\Notifications\Messages\MailMessage;

class WelcomeNotification extends Notification
{
    use Queueable;

    /**
     * Create a new notification instance.
     */
    public function __construct()
    {
        //
    }

    /**
     * Get the notification's delivery channels.
     */
    public function via($notifiable): array
    {
        return ['mail'];
    }

    /**
     * Get the mail representation of the notification.
     */
    public function toMail($notifiable): MailMessage
    {
        return (new MailMessage)
            ->line('The introduction to the notification.')
            ->action('Notification Action', 'https://laravel.com')
            ->line('Thank you for using our application!');
    }

    /**
     * Get the array representation of the notification.
     */
    public function toArray($notifiable): array
    {
        return [];
    }
}
