<?php

namespace Modules\Blog\App\Rules;

use Closure;
use Illuminate\Contracts\Validation\ValidationRule;

class ImplicitUniqueRule implements ValidationRule
{
    /**
     * Indicates whether the rule should be implicit.
     */
    public bool $implicit = true;

    /**
     * Run the validation rule.
     */
    public function validate(string $attribute, mixed $value, Closure $fail): void
    {
        //
    }
}
