<?php

namespace Modules\Blog\App\Actions\Api;

class MyAction
{
    public function handle() {}
}
