<?php

namespace Modules\Blog\App\Classes\Api;

class Api\Demo
{
    public function __construct() {}
}
