<?php

namespace Modules\Blog\App\Http\Controllers;

use App\Http\Controllers\Controller;
use Illuminate\Http\Request;

class MyController extends Controller
{
    /**
     * Handle the incoming request.
     */
    public function __invoke(Request $request) {}
}
