<?php

namespace Modules\Blog\App\Enums;

enum MyEnum {}
