<?php

namespace Modules\Blog\App\Exceptions\Api;

use Exception;

class MyException extends Exception {}
