<?php

namespace Modules\Blog\App\Exceptions;

use Exception;

class MyException extends Exception {}
