<?php

namespace Modules\Blog\App\Helpers\Api;

class MyHelper
{
    public function handle() {}
}
