<?php

namespace Modules\Blog\App\Interfaces\Api;

interface MyInterface {}
