<?php

use Illuminate\Support\Facades\Route;
use Modules\Blog\App\Http\Controllers\BlogController;

Route::middleware(['auth:sanctum'])->prefix('v1')->group(function () {
    Route::apiResource('blogs', BlogController::class)->names('blog');
});
