{
    "name": "nwidart/blog",
    "description": "",
    "authors": [
        {
            "name": "Nicolas Widart",
            "email": "n.widart@gmail.com"
        }
    ],
    "extra": {
        "laravel": {
            "providers": [],
            "aliases": {

            }
        }
    },
    "autoload": {
        "psr-4": {
            "Modules\\Blog\\": "app/",
            "Modules\\Blog\\Database\\Factories\\": "database/factories/",
            "Modules\\Blog\\Database\\Seeders\\": "database/seeders/"
        }
    },
    "autoload-dev": {
        "psr-4": {
            "Modules\\Blog\\Tests\\": "tests/"
        }
    }
}
