{
    "name": "Blog",
    "alias": "blog",
    "description": "",
    "keywords": [],
    "priority": 0,
    "providers": [
        "Modules\\Blog\\App\\Providers\\BlogServiceProvider"
    ],
    "files": []
}
