<?php

use Illuminate\Support\Facades\Route;
use Custom\Modules\Blog\App\Http\Controllers\BlogController;

Route::middleware(['auth:api'])->prefix('v1')->group(function () {
    Route::apiResource('blogs', BlogController::class);
});
