<?php

namespace Modules\Blog\Providers;

use Illuminate\Support\Facades\Blade;
use Illuminate\Support\ServiceProvider;
use Illuminate\Support\Str;
use Nwidart\Modules\Traits\PathNamespace;

class BlogServiceProvider extends ServiceProvider
{
    use PathNamespace;

    protected string $name = 'Blog';

    protected string $name_lower = 'blog';

    /**
     * Boot the application events.
     */
    public function boot(): void
    {
        $this->registerCommands();
        $this->registerCommandSchedules();
        $this->registerTranslations();
        $this->registerConfig();
        $this->registerViews();
        $this->loadMigrationsFrom(module_path($this->name, 'migrations'));
    }

    /**
     * Register the service provider.
     */
    public function register(): void
    {
        $this->app->register(EventServiceProvider::class);
        $this->app->register(RouteServiceProvider::class);
    }

    /**
     * Register commands in the format of Command::class
     */
    protected function registerCommands(): void
    {
        // $this->commands([]);
    }

    /**
     * Register command Schedules.
     */
    protected function registerCommandSchedules(): void
    {
        // $this->app->booted(function () {
        //     $schedule = $this->app->make(Schedule::class);
        //     $schedule->command('inspire')->hourly();
        // });
    }

    /**
     * Register translations.
     */
    public function registerTranslations(): void
    {
        $langPath = resource_path('lang/modules/'.$this->name_lower);

        if (is_dir($langPath)) {
            $this->loadTranslationsFrom($langPath, $this->name_lower);
            $this->loadJsonTranslationsFrom($langPath);
        } else {
            $this->loadTranslationsFrom(module_path($this->name, 'lang'), $this->name_lower);
            $this->loadJsonTranslationsFrom(module_path($this->name, 'lang'));
        }
    }

    /**
     * Register config.
     */
    protected function registerConfig(): void
    {
        $configs = glob(module_path($this->name, 'config/*.php'));
        foreach ($configs as $config) {
            $filename = Str::of($config)->after(module_path($this->name, 'config/'))->remove('.php')->toString();
            $name = ($filename == 'config') ? $this->name_lower : $filename; // could be removed if the config file is named after the module [modules/Blog => config/blog.php].

            $this->publishes([module_path($this->name, "config/{$filename}.php") => config_path($name . '.php')], 'config');
            $this->mergeConfigFrom(module_path($this->name, "config/{$filename}.php"), $name);
        }
    }

    /**
     * Register views.
     */
    public function registerViews(): void
    {
        $viewPath = resource_path('views/modules/'.$this->name_lower);
        $sourcePath = module_path($this->name, 'resources/views');

        $this->publishes([$sourcePath => $viewPath], ['views', $this->name_lower.'-module-views']);

        $this->loadViewsFrom(array_merge($this->getPublishableViewPaths(), [$sourcePath]), $this->name_lower);

        $componentNamespace = $this->module_namespace($this->name, $this->app_path(config('modules.paths.generator.component-class.path')));
        Blade::componentNamespace($componentNamespace, $this->name_lower);
    }

    /**
     * Get the services provided by the provider.
     */
    public function provides(): array
    {
        return [];
    }

    private function getPublishableViewPaths(): array
    {
        $paths = [];
        foreach (config('view.paths') as $path) {
            if (is_dir($path.'/modules/'.$this->name_lower)) {
                $paths[] = $path.'/modules/'.$this->name_lower;
            }
        }

        return $paths;
    }
}
