<?php

namespace Modules\Blog\App\Repositories\Api;

class MyRepository
{
    public function handle() {}
}
