<?php

namespace Modules\Blog\App\Repositories;

class MyRepository
{
    public function handle() {}
}
