<?php

namespace Modules\Blog\App\Resources;

use Illuminate\Http\Request;
use Illuminate\Http\Resources\Json\JsonResource;

class PostsResource extends JsonResource
{
    /**
     * Transform the resource into an array.
     */
    public function toArray(Request $request): array
    {
        return parent::toArray($request);
    }
}
