<?php

namespace Modules\Blog\SuperRules;

use Closure;
use Illuminate\Contracts\Validation\ValidationRule;

class UniqueRule implements ValidationRule
{
    /**
     * Run the validation rule.
     */
    public function validate(string $attribute, mixed $value, Closure $fail): void {}
}
