<?php

namespace Modules\Blog\App\Models\Scopes\Api;

use Illuminate\Database\Eloquent\Builder;
use Illuminate\Database\Eloquent\Model;
use Illuminate\Database\Eloquent\Scope;

class MyScope implements Scope
{
    /**
     * Apply the scope to a given Eloquent query builder.
     */
    public function apply(Builder $builder, Model $model): void {}
}
