<?php

namespace Modules\Blog\App\Services\Api;

class MyService
{
    public function handle() {}
}
