<?php

namespace Modules\Blog\App\Traits\Api;

trait MyTrait {}
